------------------------------------------------------------
Timing Analyzer Summary
------------------------------------------------------------

Type  : Slow 1100mV 85C Model Setup 'KEY[0]'
Slack : -11.887
TNS   : -15074.174

Type  : Slow 1100mV 85C Model Setup 'clkgen:my_vgaclk|clkout'
Slack : -8.113
TNS   : -103.875

Type  : Slow 1100mV 85C Model Setup 'CLOCK_50'
Slack : -6.409
TNS   : -157.400

Type  : Slow 1100mV 85C Model Hold 'KEY[0]'
Slack : 0.378
TNS   : 0.000

Type  : Slow 1100mV 85C Model Hold 'CLOCK_50'
Slack : 0.388
TNS   : 0.000

Type  : Slow 1100mV 85C Model Hold 'clkgen:my_vgaclk|clkout'
Slack : 0.410
TNS   : 0.000

Type  : Slow 1100mV 85C Model Minimum Pulse Width 'KEY[0]'
Slack : -2.174
TNS   : -1709.549

Type  : Slow 1100mV 85C Model Minimum Pulse Width 'clkgen:my_vgaclk|clkout'
Slack : -2.174
TNS   : -795.426

Type  : Slow 1100mV 85C Model Minimum Pulse Width 'CLOCK_50'
Slack : -0.516
TNS   : -17.471

Type  : Slow 1100mV 0C Model Setup 'KEY[0]'
Slack : -11.680
TNS   : -14834.124

Type  : Slow 1100mV 0C Model Setup 'clkgen:my_vgaclk|clkout'
Slack : -8.114
TNS   : -101.082

Type  : Slow 1100mV 0C Model Setup 'CLOCK_50'
Slack : -6.669
TNS   : -160.013

Type  : Slow 1100mV 0C Model Hold 'CLOCK_50'
Slack : 0.384
TNS   : 0.000

Type  : Slow 1100mV 0C Model Hold 'KEY[0]'
Slack : 0.394
TNS   : 0.000

Type  : Slow 1100mV 0C Model Hold 'clkgen:my_vgaclk|clkout'
Slack : 0.429
TNS   : 0.000

Type  : Slow 1100mV 0C Model Minimum Pulse Width 'KEY[0]'
Slack : -2.174
TNS   : -1658.338

Type  : Slow 1100mV 0C Model Minimum Pulse Width 'clkgen:my_vgaclk|clkout'
Slack : -2.174
TNS   : -795.450

Type  : Slow 1100mV 0C Model Minimum Pulse Width 'CLOCK_50'
Slack : -0.528
TNS   : -18.815

Type  : Fast 1100mV 85C Model Setup 'KEY[0]'
Slack : -7.172
TNS   : -8904.270

Type  : Fast 1100mV 85C Model Setup 'clkgen:my_vgaclk|clkout'
Slack : -4.631
TNS   : -56.089

Type  : Fast 1100mV 85C Model Setup 'CLOCK_50'
Slack : -3.589
TNS   : -72.696

Type  : Fast 1100mV 85C Model Hold 'clkgen:my_vgaclk|clkout'
Slack : 0.147
TNS   : 0.000

Type  : Fast 1100mV 85C Model Hold 'KEY[0]'
Slack : 0.184
TNS   : 0.000

Type  : Fast 1100mV 85C Model Hold 'CLOCK_50'
Slack : 0.205
TNS   : 0.000

Type  : Fast 1100mV 85C Model Minimum Pulse Width 'KEY[0]'
Slack : -2.174
TNS   : -1325.525

Type  : Fast 1100mV 85C Model Minimum Pulse Width 'clkgen:my_vgaclk|clkout'
Slack : -2.174
TNS   : -776.639

Type  : Fast 1100mV 85C Model Minimum Pulse Width 'CLOCK_50'
Slack : -0.503
TNS   : -3.521

Type  : Fast 1100mV 0C Model Setup 'KEY[0]'
Slack : -6.414
TNS   : -7934.829

Type  : Fast 1100mV 0C Model Setup 'clkgen:my_vgaclk|clkout'
Slack : -4.305
TNS   : -49.017

Type  : Fast 1100mV 0C Model Setup 'CLOCK_50'
Slack : -3.336
TNS   : -66.894

Type  : Fast 1100mV 0C Model Hold 'clkgen:my_vgaclk|clkout'
Slack : 0.135
TNS   : 0.000

Type  : Fast 1100mV 0C Model Hold 'KEY[0]'
Slack : 0.175
TNS   : 0.000

Type  : Fast 1100mV 0C Model Hold 'CLOCK_50'
Slack : 0.192
TNS   : 0.000

Type  : Fast 1100mV 0C Model Minimum Pulse Width 'KEY[0]'
Slack : -2.174
TNS   : -1313.189

Type  : Fast 1100mV 0C Model Minimum Pulse Width 'clkgen:my_vgaclk|clkout'
Slack : -2.174
TNS   : -774.625

Type  : Fast 1100mV 0C Model Minimum Pulse Width 'CLOCK_50'
Slack : -0.498
TNS   : -3.437

------------------------------------------------------------
